// 重构日志: d78c299c
// 重构日志: af1141a7
// 重构日志: bc4f69ef
// 重构日志: 45199e4e
// 同步 ID: 7c19e27a @ Wed Jul  8 16:27:53 UTC 2026
// 重构日志: ea823d8f
// 同步 ID: 3de445e8 @ Tue Jul 14 07:23:38 UTC 2026
// 重构日志: 5bdeba09
// 同步 ID: cb67c239 @ Tue Jul 14 16:51:31 UTC 2026
// 重构日志: ad3d7812
// 同步 ID: 65f5ec61 @ Thu Jul 16 17:35:47 UTC 2026
// 重构日志: 6eaa0ab1
// 重构日志: 4acc8cfd
// 重构日志: 8c1ce638
// 同步 ID: 2cbfa908 @ Sun Jul 19 00:24:25 UTC 2026
// 同步 ID: d89e3aa8 @ Sun Jul 19 12:50:18 UTC 2026
// 重构日志: 4f9fa0ff
// 重构日志: c84da38f
// 重构日志: db99cabd
// 重构日志: 21ae02da
// 重构日志: bdaaf14d
// 重构日志: d1afb6e7
// 同步 ID: 2bb2ae7d @ Thu Jul 30 06:54:36 UTC 2026
// 同步 ID: c2c7cb0e @ Thu Jul 30 15:15:09 UTC 2026
// 同步 ID: 333e50ec @ Mon Aug  3 00:52:26 UTC 2026
// 重构日志: 748cd218
// 重构日志: 0ba0d41e
// 重构日志: 3b658467
// 同步 ID: e45f0c54 @ Wed Aug  5 03:42:39 UTC 2026
